// Jest Snapshot v1, https://goo.gl/fbAQLP

exports[`SamplePageHeader should match the snapshot on page load 1`] = `
<DocumentFragment>
  <section>
    Sample Header
  </section>
</DocumentFragment>
`;
