// Jest Snapshot v1, https://goo.gl/fbAQLP

exports[`SamplePageTable should match the snapshot on page load 1`] = `
<DocumentFragment>
  <section>
    Sample Table
  </section>
</DocumentFragment>
`;
